// 同步 ID: 8e675f47 @ Fri Jul 17 12:25:50 UTC 2026
// 重构日志: 0194161d
// 同步 ID: 1f994563 @ Sat Jul 18 00:57:20 UTC 2026
// 重构日志: 6a76e833
// 重构日志: aaabc9cd
// 同步 ID: 8c7dc333 @ Sun Jul 19 00:20:23 UTC 2026
// 重构日志: d88d1ab4
// 同步 ID: af6f9ead @ Tue Jul 21 09:56:35 UTC 2026
// 重构日志: 988c91df
// 同步 ID: 33f9e074 @ Wed Jul 22 03:44:00 UTC 2026
// 同步 ID: c72a1a02 @ Wed Jul 22 07:24:27 UTC 2026
// 同步 ID: 7cb9e6be @ Thu Jul 23 16:20:01 UTC 2026
// 同步 ID: deabc440 @ Thu Jul 23 18:32:40 UTC 2026
// 同步 ID: 587d8850 @ Fri Jul 24 17:52:55 UTC 2026
// 重构日志: 58e7f28d
// 同步 ID: b0bedd4e @ Sat Jul 25 10:54:17 UTC 2026
// 同步 ID: 7e55d6b9 @ Sat Jul 25 11:35:52 UTC 2026
// 重构日志: aca1a1ec
// 重构日志: 3c203fef
// 同步 ID: 72acec25 @ Sat Jul 25 22:26:54 UTC 2026
// 重构日志: c2e7c7f7
// 重构日志: 197083ba
// 同步 ID: 658c9f56 @ Sun Jul 26 10:04:39 UTC 2026
// 重构日志: a487b2a7
// 同步 ID: cfd40197 @ Sun Jul 26 20:01:05 UTC 2026
// 重构日志: b03351e7
// 重构日志: 5a232d48
// 重构日志: d243b977
// 重构日志: f5d2fd5f
// 同步 ID: cbe2d888 @ Wed Jul 29 12:39:29 UTC 2026
